Collecting up to 50000 valid, text-only (no image/video/gallery) posts from r/AmITheJerk...
  [AmITheJerk] valid=100 raw_seen=203 skipped_image=77 skipped_removed=16 skipped_no_comments=10 skipped_dupe=0 before=1787867943
  [AmITheJerk] valid=200 raw_seen=354 skipped_image=123 skipped_removed=21 skipped_no_comments=10 skipped_dupe=0 before=1787422906
  [AmITheJerk] valid=300 raw_seen=507 skipped_image=165 skipped_removed=31 skipped_no_comments=11 skipped_dupe=0 before=1786420385
  [AmITheJerk] valid=400 raw_seen=673 skipped_image=224 skipped_removed=38 skipped_no_comments=11 skipped_dupe=0 before=1785966449
  [AmITheJerk] valid=500 raw_seen=830 skipped_image=265 skipped_removed=53 skipped_no_comments=12 skipped_dupe=0 before=1785084985
  [AmITheJerk] valid=600 raw_seen=967 skipped_image=292 skipped_removed=63 skipped_no_comments=12 skipped_dupe=0 before=1784674092
  [AmITheJerk] valid=700 raw_seen=1139 skipped_image=343 skipped_removed=83 skipped_no_comments=13 skipped_dupe=0 before=1783722461
  [AmITheJerk] valid=800 raw_seen=1297 skipped_image=384 skipped_removed=100 skipped_no_comments=13 skipped_dupe=0 before=1783306049
  [AmITheJerk] valid=900 raw_seen=1473 skipped_image=418 skipped_removed=141 skipped_no_comments=14 skipped_dupe=0 before=1782610874
  [AmITheJerk] valid=1000 raw_seen=1646 skipped_image=455 skipped_removed=175 skipped_no_comments=16 skipped_dupe=0 before=1781819087
  [AmITheJerk] valid=1100 raw_seen=1809 skipped_image=484 skipped_removed=209 skipped_no_comments=16 skipped_dupe=0 before=1781225246
  [AmITheJerk] valid=1200 raw_seen=1963 skipped_image=507 skipped_removed=240 skipped_no_comments=16 skipped_dupe=0 before=1781011610
  [AmITheJerk] valid=1300 raw_seen=2121 skipped_image=525 skipped_removed=277 skipped_no_comments=19 skipped_dupe=0 before=1780327466
  [AmITheJerk] valid=1400 raw_seen=2295 skipped_image=557 skipped_removed=319 skipped_no_comments=19 skipped_dupe=0 before=1780088877
  [AmITheJerk] valid=1500 raw_seen=2461 skipped_image=585 skipped_removed=357 skipped_no_comments=19 skipped_dupe=0 before=1779536858
  [AmITheJerk] valid=1600 raw_seen=2605 skipped_image=604 skipped_removed=380 skipped_no_comments=21 skipped_dupe=0 before=1779132523
  [AmITheJerk] valid=1700 raw_seen=2765 skipped_image=642 skipped_removed=398 skipped_no_comments=25 skipped_dupe=0 before=1778965882
  [AmITheJerk] valid=1800 raw_seen=2908 skipped_image=666 skipped_removed=409 skipped_no_comments=33 skipped_dupe=0 before=1778625834
  [AmITheJerk] valid=1900 raw_seen=3045 skipped_image=690 skipped_removed=418 skipped_no_comments=37 skipped_dupe=0 before=1778444847
  [AmITheJerk] valid=2000 raw_seen=3217 skipped_image=721 skipped_removed=433 skipped_no_comments=63 skipped_dupe=0 before=1778056595
  [AmITheJerk] valid=2100 raw_seen=3351 skipped_image=735 skipped_removed=447 skipped_no_comments=69 skipped_dupe=0 before=1777847920
  [AmITheJerk] valid=2200 raw_seen=3515 skipped_image=777 skipped_removed=469 skipped_no_comments=69 skipped_dupe=0 before=1777311674
  [AmITheJerk] valid=2300 raw_seen=3663 skipped_image=810 skipped_removed=484 skipped_no_comments=69 skipped_dupe=0 before=1776968568
  [AmITheJerk] valid=2400 raw_seen=3816 skipped_image=834 skipped_removed=513 skipped_no_comments=69 skipped_dupe=0 before=1776598412
  [AmITheJerk] valid=2500 raw_seen=4036 skipped_image=874 skipped_removed=543 skipped_no_comments=119 skipped_dupe=0 before=1776202612
  [AmITheJerk] valid=2600 raw_seen=4183 skipped_image=901 skipped_removed=558 skipped_no_comments=124 skipped_dupe=0 before=1775965369
  HTTP 422 for https://arctic-shift.photon-reddit.com/api/comments/search params={'link_id': '1shdm9i', 'limit': 100, 'sort': 'desc'}
  [AmITheJerk] valid=2700 raw_seen=4345 skipped_image=928 skipped_removed=583 skipped_no_comments=134 skipped_dupe=0 before=1775700574
  [AmITheJerk] valid=2800 raw_seen=4473 skipped_image=943 skipped_removed=592 skipped_no_comments=138 skipped_dupe=0 before=1775593723
  [AmITheJerk] valid=2900 raw_seen=4606 skipped_image=964 skipped_removed=599 skipped_no_comments=143 skipped_dupe=0 before=1775368577
  [AmITheJerk] valid=3000 raw_seen=4743 skipped_image=985 skipped_removed=612 skipped_no_comments=146 skipped_dupe=0 before=1775247836
  [AmITheJerk] valid=3100 raw_seen=4861 skipped_image=997 skipped_removed=616 skipped_no_comments=148 skipped_dupe=0 before=1775165689
  [AmITheJerk] valid=3200 raw_seen=4983 skipped_image=1009 skipped_removed=625 skipped_no_comments=149 skipped_dupe=0 before=1775065334
  [AmITheJerk] valid=3300 raw_seen=5118 skipped_image=1030 skipped_removed=638 skipped_no_comments=150 skipped_dupe=0 before=1774873311
  [AmITheJerk] valid=3400 raw_seen=5257 skipped_image=1059 skipped_removed=644 skipped_no_comments=154 skipped_dupe=0 before=1774768050
  [AmITheJerk] valid=3500 raw_seen=5380 skipped_image=1076 skipped_removed=646 skipped_no_comments=158 skipped_dupe=0 before=1774654357
  [AmITheJerk] valid=3600 raw_seen=5497 skipped_image=1088 skipped_removed=649 skipped_no_comments=160 skipped_dupe=0 before=1774403464
  [AmITheJerk] valid=3700 raw_seen=5617 skipped_image=1103 skipped_removed=653 skipped_no_comments=161 skipped_dupe=0 before=1774299814
  [AmITheJerk] valid=3800 raw_seen=5744 skipped_image=1120 skipped_removed=662 skipped_no_comments=162 skipped_dupe=0 before=1774210586
  [AmITheJerk] valid=3900 raw_seen=5874 skipped_image=1142 skipped_removed=668 skipped_no_comments=164 skipped_dupe=0 before=1774108865
  [AmITheJerk] valid=4000 raw_seen=5995 skipped_image=1159 skipped_removed=670 skipped_no_comments=166 skipped_dupe=0 before=1773976165
  [AmITheJerk] valid=4100 raw_seen=6114 skipped_image=1173 skipped_removed=674 skipped_no_comments=167 skipped_dupe=0 before=1773749406
  [AmITheJerk] valid=4200 raw_seen=6235 skipped_image=1184 skipped_removed=682 skipped_no_comments=169 skipped_dupe=0 before=1773609175
  [AmITheJerk] valid=4300 raw_seen=6371 skipped_image=1213 skipped_removed=688 skipped_no_comments=170 skipped_dupe=0 before=1773440673
  [AmITheJerk] valid=4400 raw_seen=6514 skipped_image=1235 skipped_removed=706 skipped_no_comments=173 skipped_dupe=0 before=1773156475
  [AmITheJerk] valid=4500 raw_seen=6650 skipped_image=1264 skipped_removed=711 skipped_no_comments=175 skipped_dupe=0 before=1773036671
  [AmITheJerk] valid=4600 raw_seen=6781 skipped_image=1288 skipped_removed=716 skipped_no_comments=177 skipped_dupe=0 before=1772894807
  [AmITheJerk] valid=4700 raw_seen=6912 skipped_image=1308 skipped_removed=723 skipped_no_comments=181 skipped_dupe=0 before=1772664428
  [AmITheJerk] valid=4800 raw_seen=7038 skipped_image=1327 skipped_removed=730 skipped_no_comments=181 skipped_dupe=0 before=1772541758
  [AmITheJerk] valid=4900 raw_seen=7163 skipped_image=1344 skipped_removed=736 skipped_no_comments=183 skipped_dupe=0 before=1772424111
  [AmITheJerk] valid=5000 raw_seen=7291 skipped_image=1365 skipped_removed=737 skipped_no_comments=189 skipped_dupe=0 before=1772286883
  [AmITheJerk] valid=5100 raw_seen=7430 skipped_image=1398 skipped_removed=741 skipped_no_comments=191 skipped_dupe=0 before=1772040027
  [AmITheJerk] valid=5200 raw_seen=7548 skipped_image=1407 skipped_removed=747 skipped_no_comments=194 skipped_dupe=0 before=1771939549
  [AmITheJerk] valid=5300 raw_seen=7669 skipped_image=1424 skipped_removed=749 skipped_no_comments=196 skipped_dupe=0 before=1771831019
  [AmITheJerk] valid=5400 raw_seen=7790 skipped_image=1442 skipped_removed=750 skipped_no_comments=198 skipped_dupe=0 before=1771697147
  HTTP 422 for https://arctic-shift.photon-reddit.com/api/comments/search params={'link_id': '1rajab2', 'limit': 100, 'sort': 'desc'}
  [AmITheJerk] valid=5500 raw_seen=7919 skipped_image=1466 skipped_removed=752 skipped_no_comments=201 skipped_dupe=0 before=1771449011
  [AmITheJerk] valid=5600 raw_seen=8045 skipped_image=1480 skipped_removed=760 skipped_no_comments=205 skipped_dupe=0 before=1771317721
  [AmITheJerk] valid=5700 raw_seen=8166 skipped_image=1496 skipped_removed=764 skipped_no_comments=206 skipped_dupe=0 before=1771219684
  [AmITheJerk] valid=5800 raw_seen=8305 skipped_image=1523 skipped_removed=774 skipped_no_comments=208 skipped_dupe=0 before=1770957561
  [AmITheJerk] valid=5900 raw_seen=8437 skipped_image=1545 skipped_removed=783 skipped_no_comments=209 skipped_dupe=0 before=1770825516
  [AmITheJerk] valid=6000 raw_seen=8556 skipped_image=1560 skipped_removed=783 skipped_no_comments=213 skipped_dupe=0 before=1770706350
  [AmITheJerk] valid=6100 raw_seen=8694 skipped_image=1594 skipped_removed=787 skipped_no_comments=213 skipped_dupe=0 before=1770584184
  [AmITheJerk] valid=6200 raw_seen=8816 skipped_image=1608 skipped_removed=791 skipped_no_comments=217 skipped_dupe=0 before=1770331089
  [AmITheJerk] valid=6300 raw_seen=8940 skipped_image=1627 skipped_removed=795 skipped_no_comments=218 skipped_dupe=0 before=1770234142
  [AmITheJerk] valid=6400 raw_seen=9078 skipped_image=1648 skipped_removed=807 skipped_no_comments=223 skipped_dupe=0 before=1770138298
  [AmITheJerk] valid=6500 raw_seen=9217 skipped_image=1673 skipped_removed=814 skipped_no_comments=230 skipped_dupe=0 before=1769882160
  [AmITheJerk] valid=6600 raw_seen=9350 skipped_image=1701 skipped_removed=815 skipped_no_comments=234 skipped_dupe=0 before=1769727624
  [AmITheJerk] valid=6700 raw_seen=9478 skipped_image=1723 skipped_removed=819 skipped_no_comments=236 skipped_dupe=0 before=1769581490
  [AmITheJerk] valid=6800 raw_seen=9619 skipped_image=1753 skipped_removed=828 skipped_no_comments=238 skipped_dupe=0 before=1769262569
  [AmITheJerk] valid=6900 raw_seen=9750 skipped_image=1780 skipped_removed=829 skipped_no_comments=241 skipped_dupe=0 before=1769114990
  [AmITheJerk] valid=7000 raw_seen=9866 skipped_image=1792 skipped_removed=832 skipped_no_comments=242 skipped_dupe=0 before=1769003052
  [AmITheJerk] valid=7100 raw_seen=9980 skipped_image=1801 skipped_removed=833 skipped_no_comments=246 skipped_dupe=0 before=1768880671
  [AmITheJerk] valid=7200 raw_seen=10108 skipped_image=1823 skipped_removed=837 skipped_no_comments=248 skipped_dupe=0 before=1768623729
  [AmITheJerk] valid=7300 raw_seen=10234 skipped_image=1841 skipped_removed=844 skipped_no_comments=249 skipped_dupe=0 before=1768501872
  [AmITheJerk] valid=7400 raw_seen=10376 skipped_image=1878 skipped_removed=848 skipped_no_comments=250 skipped_dupe=0 before=1768333636
  [AmITheJerk] valid=7500 raw_seen=10506 skipped_image=1898 skipped_removed=857 skipped_no_comments=251 skipped_dupe=0 before=1768064816
  [AmITheJerk] valid=7600 raw_seen=10630 skipped_image=1917 skipped_removed=861 skipped_no_comments=252 skipped_dupe=0 before=1767907124
  [AmITheJerk] valid=7700 raw_seen=10772 skipped_image=1939 skipped_removed=878 skipped_no_comments=255 skipped_dupe=0 before=1767792443
  [AmITheJerk] valid=7800 raw_seen=10891 skipped_image=1950 skipped_removed=882 skipped_no_comments=259 skipped_dupe=0 before=1767633961
  [AmITheJerk] valid=7900 raw_seen=11029 skipped_image=1970 skipped_removed=897 skipped_no_comments=262 skipped_dupe=0 before=1767357188
  [AmITheJerk] valid=8000 raw_seen=11153 skipped_image=1989 skipped_removed=901 skipped_no_comments=263 skipped_dupe=0 before=1767205108
  [AmITheJerk] valid=8100 raw_seen=11278 skipped_image=2007 skipped_removed=906 skipped_no_comments=265 skipped_dupe=0 before=1767062946
  [AmITheJerk] valid=8200 raw_seen=11407 skipped_image=2024 skipped_removed=913 skipped_no_comments=270 skipped_dupe=0 before=1766789519
  [AmITheJerk] valid=8300 raw_seen=11541 skipped_image=2048 skipped_removed=919 skipped_no_comments=274 skipped_dupe=0 before=1766652336
  [AmITheJerk] valid=8400 raw_seen=11663 skipped_image=2065 skipped_removed=922 skipped_no_comments=276 skipped_dupe=0 before=1766510397
  [AmITheJerk] valid=8500 raw_seen=11796 skipped_image=2083 skipped_removed=935 skipped_no_comments=278 skipped_dupe=0 before=1766135326
  [AmITheJerk] valid=8600 raw_seen=11919 skipped_image=2097 skipped_removed=943 skipped_no_comments=279 skipped_dupe=0 before=1765990801
  [AmITheJerk] valid=8700 raw_seen=12052 skipped_image=2125 skipped_removed=946 skipped_no_comments=281 skipped_dupe=0 before=1765820053
  [AmITheJerk] valid=8800 raw_seen=12175 skipped_image=2142 skipped_removed=950 skipped_no_comments=283 skipped_dupe=0 before=1765614586
  [AmITheJerk] valid=8900 raw_seen=12292 skipped_image=2155 skipped_removed=952 skipped_no_comments=285 skipped_dupe=0 before=1765464166
  [AmITheJerk] valid=9000 raw_seen=12440 skipped_image=2180 skipped_removed=960 skipped_no_comments=300 skipped_dupe=0 before=1765103025
  [AmITheJerk] valid=9100 raw_seen=12597 skipped_image=2214 skipped_removed=966 skipped_no_comments=317 skipped_dupe=0 before=1764670773
  [AmITheJerk] valid=9200 raw_seen=12745 skipped_image=2246 skipped_removed=977 skipped_no_comments=322 skipped_dupe=0 before=1764525854
  [AmITheJerk] valid=9300 raw_seen=12867 skipped_image=2257 skipped_removed=985 skipped_no_comments=325 skipped_dupe=0 before=1764339686
  [AmITheJerk] valid=9400 raw_seen=12997 skipped_image=2279 skipped_removed=992 skipped_no_comments=326 skipped_dupe=0 before=1763932708
  [AmITheJerk] valid=9500 raw_seen=13136 skipped_image=2310 skipped_removed=997 skipped_no_comments=329 skipped_dupe=0 before=1763711538
  [AmITheJerk] valid=9600 raw_seen=13273 skipped_image=2340 skipped_removed=1002 skipped_no_comments=331 skipped_dupe=0 before=1763486371
  [AmITheJerk] valid=9700 raw_seen=13407 skipped_image=2367 skipped_removed=1007 skipped_no_comments=333 skipped_dupe=0 before=1763124484
  [AmITheJerk] valid=9800 raw_seen=13546 skipped_image=2397 skipped_removed=1014 skipped_no_comments=335 skipped_dupe=0 before=1762922019
  [AmITheJerk] valid=9900 raw_seen=13686 skipped_image=2420 skipped_removed=1030 skipped_no_comments=336 skipped_dupe=0 before=1762794401
  [AmITheJerk] valid=10000 raw_seen=13821 skipped_image=2445 skipped_removed=1035 skipped_no_comments=341 skipped_dupe=0 before=1762455227
  [AmITheJerk] valid=10100 raw_seen=13957 skipped_image=2472 skipped_removed=1041 skipped_no_comments=344 skipped_dupe=0 before=1762290499
  [AmITheJerk] valid=10200 raw_seen=14099 skipped_image=2500 skipped_removed=1049 skipped_no_comments=350 skipped_dupe=0 before=1761903154
  [AmITheJerk] valid=10300 raw_seen=14241 skipped_image=2525 skipped_removed=1063 skipped_no_comments=353 skipped_dupe=0 before=1761728226
  [AmITheJerk] valid=10400 raw_seen=14368 skipped_image=2543 skipped_removed=1068 skipped_no_comments=357 skipped_dupe=0 before=1761532449
  [AmITheJerk] valid=10500 raw_seen=14519 skipped_image=2575 skipped_removed=1083 skipped_no_comments=361 skipped_dupe=0 before=1761071331
  [AmITheJerk] valid=10600 raw_seen=14639 skipped_image=2588 skipped_removed=1086 skipped_no_comments=365 skipped_dupe=0 before=1760900025
  [AmITheJerk] valid=10700 raw_seen=14780 skipped_image=2609 skipped_removed=1100 skipped_no_comments=371 skipped_dupe=0 before=1760685654
  [AmITheJerk] valid=10800 raw_seen=14907 skipped_image=2631 skipped_removed=1105 skipped_no_comments=371 skipped_dupe=0 before=1760236268
  [AmITheJerk] valid=10900 raw_seen=15053 skipped_image=2663 skipped_removed=1115 skipped_no_comments=375 skipped_dupe=0 before=1759982588
  [AmITheJerk] valid=11000 raw_seen=15199 skipped_image=2694 skipped_removed=1122 skipped_no_comments=383 skipped_dupe=0 before=1759502805
  [AmITheJerk] valid=11100 raw_seen=15321 skipped_image=2710 skipped_removed=1123 skipped_no_comments=388 skipped_dupe=0 before=1759263940
  [AmITheJerk] valid=11200 raw_seen=15469 skipped_image=2738 skipped_removed=1140 skipped_no_comments=391 skipped_dupe=0 before=1758989940
  [AmITheJerk] valid=11300 raw_seen=15628 skipped_image=2790 skipped_removed=1146 skipped_no_comments=392 skipped_dupe=0 before=1758350648
  [AmITheJerk] valid=11400 raw_seen=15772 skipped_image=2822 skipped_removed=1157 skipped_no_comments=393 skipped_dupe=0 before=1758144019
  [AmITheJerk] valid=11500 raw_seen=15920 skipped_image=2863 skipped_removed=1157 skipped_no_comments=400 skipped_dupe=0 before=1757674093
  [AmITheJerk] valid=11600 raw_seen=16056 skipped_image=2887 skipped_removed=1162 skipped_no_comments=407 skipped_dupe=0 before=1757434832
  [AmITheJerk] valid=11700 raw_seen=16187 skipped_image=2910 skipped_removed=1165 skipped_no_comments=412 skipped_dupe=0 before=1757177937
  [AmITheJerk] valid=11800 raw_seen=16329 skipped_image=2945 skipped_removed=1168 skipped_no_comments=416 skipped_dupe=0 before=1756605967
  [AmITheJerk] valid=11900 raw_seen=16454 skipped_image=2963 skipped_removed=1172 skipped_no_comments=419 skipped_dupe=0 before=1756339183
  [AmITheJerk] valid=12000 raw_seen=16618 skipped_image=3002 skipped_removed=1192 skipped_no_comments=424 skipped_dupe=0 before=1755691870
  [AmITheJerk] valid=12100 raw_seen=16765 skipped_image=3043 skipped_removed=1197 skipped_no_comments=425 skipped_dupe=0 before=1755361442
  [AmITheJerk] valid=12200 raw_seen=16912 skipped_image=3075 skipped_removed=1206 skipped_no_comments=431 skipped_dupe=0 before=1754682529
  [AmITheJerk] valid=12300 raw_seen=17047 skipped_image=3097 skipped_removed=1213 skipped_no_comments=437 skipped_dupe=0 before=1754435903
  HTTP 422 for https://arctic-shift.photon-reddit.com/api/comments/search params={'link_id': '1miqxq4', 'limit': 100, 'sort': 'desc'}
  [AmITheJerk] valid=12400 raw_seen=17208 skipped_image=3133 skipped_removed=1234 skipped_no_comments=441 skipped_dupe=0 before=1753738475
  [AmITheJerk] valid=12500 raw_seen=17356 skipped_image=3166 skipped_removed=1240 skipped_no_comments=450 skipped_dupe=0 before=1753475310
  [AmITheJerk] valid=12600 raw_seen=17497 skipped_image=3189 skipped_removed=1250 skipped_no_comments=458 skipped_dupe=0 before=1753022584
  [AmITheJerk] valid=12700 raw_seen=17636 skipped_image=3212 skipped_removed=1259 skipped_no_comments=465 skipped_dupe=0 before=1752736440
  [AmITheJerk] valid=12800 raw_seen=17782 skipped_image=3246 skipped_removed=1269 skipped_no_comments=467 skipped_dupe=0 before=1752524002
  [AmITheJerk] valid=12900 raw_seen=17931 skipped_image=3278 skipped_removed=1281 skipped_no_comments=472 skipped_dupe=0 before=1752027168
  [AmITheJerk] valid=13000 raw_seen=18077 skipped_image=3298 skipped_removed=1299 skipped_no_comments=480 skipped_dupe=0 before=1751787168
  [AmITheJerk] valid=13100 raw_seen=18217 skipped_image=3321 skipped_removed=1309 skipped_no_comments=487 skipped_dupe=0 before=1751183710
  [AmITheJerk] valid=13200 raw_seen=18356 skipped_image=3346 skipped_removed=1314 skipped_no_comments=496 skipped_dupe=0 before=1750924600
  [AmITheJerk] valid=13300 raw_seen=18485 skipped_image=3360 skipped_removed=1321 skipped_no_comments=504 skipped_dupe=0 before=1750638202
  [AmITheJerk] valid=13400 raw_seen=18621 skipped_image=3381 skipped_removed=1332 skipped_no_comments=508 skipped_dupe=0 before=1749905019
  [AmITheJerk] valid=13500 raw_seen=18756 skipped_image=3402 skipped_removed=1342 skipped_no_comments=512 skipped_dupe=0 before=1749579405
  [AmITheJerk] valid=13600 raw_seen=18911 skipped_image=3420 skipped_removed=1370 skipped_no_comments=521 skipped_dupe=0 before=1749067056
  [AmITheJerk] valid=13700 raw_seen=19060 skipped_image=3444 skipped_removed=1388 skipped_no_comments=528 skipped_dupe=0 before=1748792472
  [AmITheJerk] valid=13800 raw_seen=19187 skipped_image=3461 skipped_removed=1395 skipped_no_comments=531 skipped_dupe=0 before=1748456274
  [AmITheJerk] valid=13900 raw_seen=19325 skipped_image=3485 skipped_removed=1403 skipped_no_comments=537 skipped_dupe=0 before=1747767774
  HTTP 422 for https://arctic-shift.photon-reddit.com/api/comments/search params={'link_id': '1krwqr6', 'limit': 100, 'sort': 'desc'}
  [AmITheJerk] valid=14000 raw_seen=19452 skipped_image=3504 skipped_removed=1407 skipped_no_comments=541 skipped_dupe=0 before=1747421459
  [AmITheJerk] valid=14100 raw_seen=19601 skipped_image=3532 skipped_removed=1421 skipped_no_comments=548 skipped_dupe=0 before=1746721065
  [AmITheJerk] valid=14200 raw_seen=19741 skipped_image=3552 skipped_removed=1435 skipped_no_comments=554 skipped_dupe=0 before=1746362195
  [AmITheJerk] valid=14300 raw_seen=19883 skipped_image=3575 skipped_removed=1447 skipped_no_comments=561 skipped_dupe=0 before=1745935468
  [AmITheJerk] valid=14400 raw_seen=20049 skipped_image=3607 skipped_removed=1474 skipped_no_comments=568 skipped_dupe=0 before=1745096199
  [AmITheJerk] valid=14500 raw_seen=20201 skipped_image=3639 skipped_removed=1483 skipped_no_comments=579 skipped_dupe=0 before=1744181149
  [AmITheJerk] valid=14600 raw_seen=20347 skipped_image=3664 skipped_removed=1493 skipped_no_comments=590 skipped_dupe=0 before=1743721132
  [AmITheJerk] valid=14700 raw_seen=20482 skipped_image=3685 skipped_removed=1499 skipped_no_comments=598 skipped_dupe=0 before=1743340038
  [AmITheJerk] valid=14800 raw_seen=20622 skipped_image=3712 skipped_removed=1503 skipped_no_comments=607 skipped_dupe=0 before=1742487735
  [AmITheJerk] valid=14900 raw_seen=20765 skipped_image=3732 skipped_removed=1520 skipped_no_comments=613 skipped_dupe=0 before=1741908404
  [AmITheJerk] valid=15000 raw_seen=20921 skipped_image=3766 skipped_removed=1530 skipped_no_comments=625 skipped_dupe=0 before=1740899369
  [AmITheJerk] valid=15100 raw_seen=21078 skipped_image=3804 skipped_removed=1539 skipped_no_comments=635 skipped_dupe=0 before=1740430625
  [AmITheJerk] valid=15200 raw_seen=21223 skipped_image=3824 skipped_removed=1548 skipped_no_comments=651 skipped_dupe=0 before=1739640680
  [AmITheJerk] valid=15300 raw_seen=21363 skipped_image=3847 skipped_removed=1554 skipped_no_comments=662 skipped_dupe=0 before=1739258723
  [AmITheJerk] valid=15400 raw_seen=21505 skipped_image=3870 skipped_removed=1567 skipped_no_comments=668 skipped_dupe=0 before=1738371957
  [AmITheJerk] valid=15500 raw_seen=21645 skipped_image=3892 skipped_removed=1574 skipped_no_comments=679 skipped_dupe=0 before=1738033389
  [AmITheJerk] valid=15600 raw_seen=21800 skipped_image=3914 skipped_removed=1596 skipped_no_comments=690 skipped_dupe=0 before=1737405334
  [AmITheJerk] valid=15700 raw_seen=21952 skipped_image=3938 skipped_removed=1614 skipped_no_comments=700 skipped_dupe=0 before=1737097876
  [AmITheJerk] valid=15800 raw_seen=22101 skipped_image=3965 skipped_removed=1628 skipped_no_comments=708 skipped_dupe=0 before=1736372345
  [AmITheJerk] valid=15900 raw_seen=22242 skipped_image=3984 skipped_removed=1642 skipped_no_comments=716 skipped_dupe=0 before=1736059709
  [AmITheJerk] valid=16000 raw_seen=22379 skipped_image=4002 skipped_removed=1654 skipped_no_comments=723 skipped_dupe=0 before=1735688194
  HTTP 422 for https://arctic-shift.photon-reddit.com/api/comments/search params={'link_id': '1hp7j8y', 'limit': 100, 'sort': 'desc'}
  [AmITheJerk] valid=16100 raw_seen=22523 skipped_image=4013 skipped_removed=1670 skipped_no_comments=740 skipped_dupe=0 before=1735270261
  [AmITheJerk] valid=16200 raw_seen=22652 skipped_image=4027 skipped_removed=1684 skipped_no_comments=741 skipped_dupe=0 before=1734928006
  [AmITheJerk] valid=16300 raw_seen=22801 skipped_image=4057 skipped_removed=1692 skipped_no_comments=752 skipped_dupe=0 before=1734149452
  [AmITheJerk] valid=16400 raw_seen=22943 skipped_image=4082 skipped_removed=1705 skipped_no_comments=756 skipped_dupe=0 before=1733691816
  [AmITheJerk] valid=16500 raw_seen=23080 skipped_image=4107 skipped_removed=1712 skipped_no_comments=761 skipped_dupe=0 before=1733241552
  [AmITheJerk] valid=16600 raw_seen=23234 skipped_image=4134 skipped_removed=1729 skipped_no_comments=771 skipped_dupe=0 before=1732302543
  HTTP 422 for https://arctic-shift.photon-reddit.com/api/comments/search params={'link_id': '1gwnr39', 'limit': 100, 'sort': 'desc'}
  [AmITheJerk] valid=16700 raw_seen=23397 skipped_image=4175 skipped_removed=1738 skipped_no_comments=784 skipped_dupe=0 before=1731440140
  [AmITheJerk] valid=16800 raw_seen=23556 skipped_image=4211 skipped_removed=1748 skipped_no_comments=797 skipped_dupe=0 before=1731030056
  [AmITheJerk] valid=16900 raw_seen=23712 skipped_image=4237 skipped_removed=1767 skipped_no_comments=808 skipped_dupe=0 before=1730309219
  [AmITheJerk] valid=17000 raw_seen=23871 skipped_image=4267 skipped_removed=1782 skipped_no_comments=822 skipped_dupe=0 before=1729909155
  [AmITheJerk] valid=17100 raw_seen=24025 skipped_image=4299 skipped_removed=1796 skipped_no_comments=830 skipped_dupe=0 before=1729089880
  [AmITheJerk] valid=17200 raw_seen=24167 skipped_image=4327 skipped_removed=1804 skipped_no_comments=836 skipped_dupe=0 before=1728602631
  [AmITheJerk] valid=17300 raw_seen=24318 skipped_image=4358 skipped_removed=1816 skipped_no_comments=844 skipped_dupe=0 before=1727779237
  [AmITheJerk] valid=17400 raw_seen=24463 skipped_image=4390 skipped_removed=1819 skipped_no_comments=854 skipped_dupe=0 before=1727401640
  [AmITheJerk] valid=17500 raw_seen=24610 skipped_image=4418 skipped_removed=1826 skipped_no_comments=866 skipped_dupe=0 before=1726676448
  [AmITheJerk] valid=17600 raw_seen=24742 skipped_image=4441 skipped_removed=1828 skipped_no_comments=873 skipped_dupe=0 before=1726286399
  [AmITheJerk] valid=17700 raw_seen=24888 skipped_image=4474 skipped_removed=1834 skipped_no_comments=880 skipped_dupe=0 before=1725846619
  [AmITheJerk] valid=17800 raw_seen=25027 skipped_image=4502 skipped_removed=1836 skipped_no_comments=889 skipped_dupe=0 before=1725014351
  [AmITheJerk] valid=17900 raw_seen=25181 skipped_image=4536 skipped_removed=1843 skipped_no_comments=902 skipped_dupe=0 before=1724713253
  [AmITheJerk] valid=18000 raw_seen=25319 skipped_image=4562 skipped_removed=1849 skipped_no_comments=908 skipped_dupe=0 before=1723824981
  [AmITheJerk] valid=18100 raw_seen=25455 skipped_image=4584 skipped_removed=1851 skipped_no_comments=920 skipped_dupe=0 before=1723508297
  [AmITheJerk] valid=18200 raw_seen=25600 skipped_image=4606 skipped_removed=1861 skipped_no_comments=933 skipped_dupe=0 before=1722923373
  [AmITheJerk] valid=18300 raw_seen=25737 skipped_image=4627 skipped_removed=1866 skipped_no_comments=944 skipped_dupe=0 before=1722659010
  [AmITheJerk] valid=18400 raw_seen=25874 skipped_image=4648 skipped_removed=1872 skipped_no_comments=954 skipped_dupe=0 before=1722397196
  [AmITheJerk] valid=18500 raw_seen=26006 skipped_image=4665 skipped_removed=1875 skipped_no_comments=966 skipped_dupe=0 before=1721781879
  [AmITheJerk] valid=18600 raw_seen=26140 skipped_image=4683 skipped_removed=1879 skipped_no_comments=978 skipped_dupe=0 before=1721502499
  [AmITheJerk] valid=18700 raw_seen=26277 skipped_image=4708 skipped_removed=1881 skipped_no_comments=988 skipped_dupe=0 before=1721189379
  [AmITheJerk] valid=18800 raw_seen=26426 skipped_image=4729 skipped_removed=1894 skipped_no_comments=1003 skipped_dupe=0 before=1720619938
  [AmITheJerk] valid=18900 raw_seen=26557 skipped_image=4748 skipped_removed=1894 skipped_no_comments=1015 skipped_dupe=0 before=1720318491
  [AmITheJerk] valid=19000 raw_seen=26695 skipped_image=4773 skipped_removed=1898 skipped_no_comments=1024 skipped_dupe=0 before=1719719871
  HTTP 422 for https://arctic-shift.photon-reddit.com/api/comments/search params={'link_id': '1ds6fz1', 'limit': 100, 'sort': 'desc'}
  [AmITheJerk] valid=19100 raw_seen=26828 skipped_image=4791 skipped_removed=1900 skipped_no_comments=1037 skipped_dupe=0 before=1719441680
  [AmITheJerk] valid=19200 raw_seen=26973 skipped_image=4810 skipped_removed=1910 skipped_no_comments=1053 skipped_dupe=0 before=1719173854
  [AmITheJerk] valid=19300 raw_seen=27102 skipped_image=4827 skipped_removed=1910 skipped_no_comments=1065 skipped_dupe=0 before=1718641126
  [AmITheJerk] valid=19400 raw_seen=27242 skipped_image=4847 skipped_removed=1915 skipped_no_comments=1080 skipped_dupe=0 before=1718357213
  [AmITheJerk] valid=19500 raw_seen=27371 skipped_image=4865 skipped_removed=1916 skipped_no_comments=1090 skipped_dupe=0 before=1718075598
  [AmITheJerk] valid=19600 raw_seen=27506 skipped_image=4885 skipped_removed=1920 skipped_no_comments=1101 skipped_dupe=0 before=1717451156
  [AmITheJerk] valid=19700 raw_seen=27637 skipped_image=4906 skipped_removed=1922 skipped_no_comments=1109 skipped_dupe=0 before=1717093515
  [AmITheJerk] valid=19800 raw_seen=27758 skipped_image=4920 skipped_removed=1923 skipped_no_comments=1115 skipped_dupe=0 before=1716689456
  [AmITheJerk] valid=19900 raw_seen=27898 skipped_image=4943 skipped_removed=1926 skipped_no_comments=1129 skipped_dupe=0 before=1715962703
  [AmITheJerk] valid=20000 raw_seen=28035 skipped_image=4964 skipped_removed=1929 skipped_no_comments=1142 skipped_dupe=0 before=1715570295
  [AmITheJerk] valid=20100 raw_seen=28165 skipped_image=4984 skipped_removed=1932 skipped_no_comments=1149 skipped_dupe=0 before=1715244719
  [AmITheJerk] valid=20200 raw_seen=28296 skipped_image=5001 skipped_removed=1934 skipped_no_comments=1161 skipped_dupe=0 before=1714372459
  [AmITheJerk] valid=20300 raw_seen=28423 skipped_image=5013 skipped_removed=1937 skipped_no_comments=1173 skipped_dupe=0 before=1713969319
  [AmITheJerk] valid=20400 raw_seen=28548 skipped_image=5026 skipped_removed=1941 skipped_no_comments=1181 skipped_dupe=0 before=1713379347
  [AmITheJerk] valid=20500 raw_seen=28682 skipped_image=5038 skipped_removed=1944 skipped_no_comments=1200 skipped_dupe=0 before=1712875347
  [AmITheJerk] valid=20600 raw_seen=28807 skipped_image=5052 skipped_removed=1948 skipped_no_comments=1207 skipped_dupe=0 before=1711643099
  [AmITheJerk] valid=20700 raw_seen=28925 skipped_image=5061 skipped_removed=1948 skipped_no_comments=1216 skipped_dupe=0 before=1710956475
  [AmITheJerk] valid=20800 raw_seen=29042 skipped_image=5064 skipped_removed=1952 skipped_no_comments=1226 skipped_dupe=0 before=1710337220
  [AmITheJerk] valid=20900 raw_seen=29155 skipped_image=5066 skipped_removed=1953 skipped_no_comments=1236 skipped_dupe=0 before=1709500216
  [AmITheJerk] valid=21000 raw_seen=29271 skipped_image=5066 skipped_removed=1955 skipped_no_comments=1250 skipped_dupe=0 before=1708815461
  [AmITheJerk] valid=21100 raw_seen=29383 skipped_image=5068 skipped_removed=1957 skipped_no_comments=1258 skipped_dupe=0 before=1708223590
  [AmITheJerk] valid=21200 raw_seen=29507 skipped_image=5072 skipped_removed=1961 skipped_no_comments=1274 skipped_dupe=0 before=1706991709
  [AmITheJerk] valid=21300 raw_seen=29621 skipped_image=5076 skipped_removed=1962 skipped_no_comments=1283 skipped_dupe=0 before=1706283806
  [AmITheJerk] valid=21400 raw_seen=29730 skipped_image=5083 skipped_removed=1962 skipped_no_comments=1285 skipped_dupe=0 before=1705565559
  [AmITheJerk] valid=21500 raw_seen=29857 skipped_image=5095 skipped_removed=1963 skipped_no_comments=1299 skipped_dupe=0 before=1704994490
  [AmITheJerk] valid=21600 raw_seen=30013 skipped_image=5127 skipped_removed=1964 skipped_no_comments=1322 skipped_dupe=0 before=1704105358
  [AmITheJerk] valid=21700 raw_seen=30161 skipped_image=5155 skipped_removed=1966 skipped_no_comments=1340 skipped_dupe=0 before=1703673775
  [AmITheJerk] valid=21800 raw_seen=30316 skipped_image=5189 skipped_removed=1968 skipped_no_comments=1359 skipped_dupe=0 before=1702911258
  [AmITheJerk] valid=21900 raw_seen=30486 skipped_image=5233 skipped_removed=1971 skipped_no_comments=1382 skipped_dupe=0 before=1702305193
  [AmITheJerk] valid=22000 raw_seen=30635 skipped_image=5266 skipped_removed=1971 skipped_no_comments=1398 skipped_dupe=0 before=1701280854
  [AmITheJerk] valid=22100 raw_seen=30788 skipped_image=5309 skipped_removed=1971 skipped_no_comments=1408 skipped_dupe=0 before=1700357841
  [AmITheJerk] valid=22200 raw_seen=30955 skipped_image=5349 skipped_removed=1973 skipped_no_comments=1433 skipped_dupe=0 before=1699812279
  HTTP 422 for https://arctic-shift.photon-reddit.com/api/comments/search params={'link_id': '17pn0f1', 'limit': 100, 'sort': 'desc'}
  [AmITheJerk] valid=22300 raw_seen=31104 skipped_image=5386 skipped_removed=1974 skipped_no_comments=1444 skipped_dupe=0 before=1698869315
  [AmITheJerk] valid=22400 raw_seen=31250 skipped_image=5420 skipped_removed=1977 skipped_no_comments=1453 skipped_dupe=0 before=1698243513
  [AmITheJerk] valid=22500 raw_seen=31398 skipped_image=5459 skipped_removed=1978 skipped_no_comments=1461 skipped_dupe=0 before=1697120660
  [AmITheJerk] valid=22600 raw_seen=31558 skipped_image=5498 skipped_removed=1980 skipped_no_comments=1480 skipped_dupe=0 before=1696611690
  [AmITheJerk] valid=22700 raw_seen=31724 skipped_image=5543 skipped_removed=1985 skipped_no_comments=1496 skipped_dupe=0 before=1695512589
  [AmITheJerk] valid=22800 raw_seen=31871 skipped_image=5579 skipped_removed=1986 skipped_no_comments=1506 skipped_dupe=0 before=1694989274
  [AmITheJerk] valid=22900 raw_seen=32021 skipped_image=5614 skipped_removed=1987 skipped_no_comments=1520 skipped_dupe=0 before=1694027045
  [AmITheJerk] valid=23000 raw_seen=32184 skipped_image=5652 skipped_removed=1990 skipped_no_comments=1542 skipped_dupe=0 before=1693500812
  [AmITheJerk] valid=23100 raw_seen=32324 skipped_image=5674 skipped_removed=1991 skipped_no_comments=1559 skipped_dupe=0 before=1692422375
No more data returned by API, stopping (r/AmITheJerk history exhausted).
Done r/AmITheJerk. valid=23170 raw_seen=32433 skipped_image=5691 skipped_removed=1996 skipped_no_comments=1576 skipped_dupe=0
Wrote CSV to amithejerk_no_images.csv
